{
  "path": "",
  "method": "GET",
  "query": {},
  "headers": {},
  "ip": "",
  "userAgent": "",
  "pathParams": "",
  "body": {},
  "authorizer": {}
}
