{
  "path": "",
  "method": "POST",
  "query": {},
  "headers": {},
  "ip": "",
  "userAgent": "",
  "pathParams": "",
  "body": { "message": "hello world" },
  "authorizer": {}
}
