{
  "path": "",
  "method": "GET",
  "query": {},
  "headers": {},
  "ip": "",
  "userAgent": "",
  "params": {},
  "authorizer": {},
  "stage": ""
}
