{
  "path": "",
  "method": "POST",
  "query": {},
  "headers": {},
  "ip": "",
  "userAgent": "",
  "pathParams": "",
  "body": { "message": "hello", "name": "world" },
  "authorizer": "dev"
}
