{
  "path": "/users/me",
  "method": "GET",
  "query": {},
  "headers": {
    "host": "localhost:8101",
    "connection": "keep-alive",
    "origin": "http://localhost:8100",
    "user-agent": "Mozilla/5.0 (Macintosh; Intel Mac OS X 10_15_1) AppleWebKit/537.36 (KHTML, like Gecko) Chrome/78.0.3904.97 Safari/537.36",
    "content-type": "application/json",
    "accept": "*/*",
    "sec-fetch-site": "same-site",
    "sec-fetch-mode": "cors",
    "referrer": "http://localhost:8100/",
    "accept-encoding": "gzip, deflate, br",
    "accept-language": "en-US,en;q=0.9,th;q=0.8"
  },
  "ip": "127.0.0.1",
  "userAgent": "Mozilla/5.0 (Macintosh; Intel Mac OS X 10_15_1) AppleWebKit/537.36 (KHTML, like Gecko) Chrome/78.0.3904.97 Safari/537.36",
  "params": { "proxy": "me" },
  "authorizer": {}
}
