{
  "path": "",
  "method": "POST",
  "query": {},
  "headers": {
    "content-type": "application/json"
  },
  "ip": "",
  "userAgent": "",
  "params": {},
  "body": { "message": "hello world" },
  "authorizer": {}
}
